Archive member included because of file (symbol)

e:/iti_embedded2021/imt_sdk_win_64/winavr/bin/../lib/gcc/avr/4.3.3/avr5\libgcc.a(_exit.o)
                              e:/iti_embedded2021/imt_sdk_win_64/winavr/bin/../lib/gcc/avr/4.3.3/../../../../avr/lib/avr5/crtm32.o (exit)

Memory Configuration

Name             Origin             Length             Attributes
text             0x00000000         0x00020000         xr
data             0x00800060         0x0000ffa0         rw !x
eeprom           0x00810000         0x00010000         rw !x
fuse             0x00820000         0x00000400         rw !x
lock             0x00830000         0x00000400         rw !x
signature        0x00840000         0x00000400         rw !x
*default*        0x00000000         0xffffffff

Linker script and memory map

LOAD e:/iti_embedded2021/imt_sdk_win_64/winavr/bin/../lib/gcc/avr/4.3.3/../../../../avr/lib/avr5/crtm32.o
LOAD ./BlinkingLed.o
LOAD ./gpio.o
LOAD ./led.o
LOAD ./utilites.o
LOAD e:/iti_embedded2021/imt_sdk_win_64/winavr/bin/../lib/gcc/avr/4.3.3/avr5\libgcc.a
LOAD e:/iti_embedded2021/imt_sdk_win_64/winavr/bin/../lib/gcc/avr/4.3.3/../../../../avr/lib/avr5\libc.a
LOAD e:/iti_embedded2021/imt_sdk_win_64/winavr/bin/../lib/gcc/avr/4.3.3/avr5\libgcc.a

.hash
 *(.hash)

.dynsym
 *(.dynsym)

.dynstr
 *(.dynstr)

.gnu.version
 *(.gnu.version)

.gnu.version_d
 *(.gnu.version_d)

.gnu.version_r
 *(.gnu.version_r)

.rel.init
 *(.rel.init)

.rela.init
 *(.rela.init)

.rel.text
 *(.rel.text)
 *(.rel.text.*)
 *(.rel.gnu.linkonce.t*)

.rela.text
 *(.rela.text)
 *(.rela.text.*)
 *(.rela.gnu.linkonce.t*)

.rel.fini
 *(.rel.fini)

.rela.fini
 *(.rela.fini)

.rel.rodata
 *(.rel.rodata)
 *(.rel.rodata.*)
 *(.rel.gnu.linkonce.r*)

.rela.rodata
 *(.rela.rodata)
 *(.rela.rodata.*)
 *(.rela.gnu.linkonce.r*)

.rel.data
 *(.rel.data)
 *(.rel.data.*)
 *(.rel.gnu.linkonce.d*)

.rela.data
 *(.rela.data)
 *(.rela.data.*)
 *(.rela.gnu.linkonce.d*)

.rel.ctors
 *(.rel.ctors)

.rela.ctors
 *(.rela.ctors)

.rel.dtors
 *(.rel.dtors)

.rela.dtors
 *(.rela.dtors)

.rel.got
 *(.rel.got)

.rela.got
 *(.rela.got)

.rel.bss
 *(.rel.bss)

.rela.bss
 *(.rela.bss)

.rel.plt
 *(.rel.plt)

.rela.plt
 *(.rela.plt)

.text           0x00000000      0xb44
 *(.vectors)
 .vectors       0x00000000       0x54 e:/iti_embedded2021/imt_sdk_win_64/winavr/bin/../lib/gcc/avr/4.3.3/../../../../avr/lib/avr5/crtm32.o
                0x00000000                __vectors
                0x00000000                __vector_default
 *(.vectors)
 *(.progmem.gcc*)
 *(.progmem*)
                0x00000054                . = ALIGN (0x2)
                0x00000054                __trampolines_start = .
 *(.trampolines)
 .trampolines   0x00000054        0x0 linker stubs
 *(.trampolines*)
                0x00000054                __trampolines_end = .
 *(.jumptables)
 *(.jumptables*)
 *(.lowtext)
 *(.lowtext*)
                0x00000054                __ctors_start = .
 *(.ctors)
                0x00000054                __ctors_end = .
                0x00000054                __dtors_start = .
 *(.dtors)
                0x00000054                __dtors_end = .
 SORT(*)(.ctors)
 SORT(*)(.dtors)
 *(.init0)
 .init0         0x00000054        0x0 e:/iti_embedded2021/imt_sdk_win_64/winavr/bin/../lib/gcc/avr/4.3.3/../../../../avr/lib/avr5/crtm32.o
                0x00000054                __init
 *(.init0)
 *(.init1)
 *(.init1)
 *(.init2)
 .init2         0x00000054        0xc e:/iti_embedded2021/imt_sdk_win_64/winavr/bin/../lib/gcc/avr/4.3.3/../../../../avr/lib/avr5/crtm32.o
 *(.init2)
 *(.init3)
 *(.init3)
 *(.init4)
 *(.init4)
 *(.init5)
 *(.init5)
 *(.init6)
 *(.init6)
 *(.init7)
 *(.init7)
 *(.init8)
 *(.init8)
 *(.init9)
 .init9         0x00000060        0x8 e:/iti_embedded2021/imt_sdk_win_64/winavr/bin/../lib/gcc/avr/4.3.3/../../../../avr/lib/avr5/crtm32.o
 *(.init9)
 *(.text)
 .text          0x00000068        0x4 e:/iti_embedded2021/imt_sdk_win_64/winavr/bin/../lib/gcc/avr/4.3.3/../../../../avr/lib/avr5/crtm32.o
                0x00000068                __vector_1
                0x00000068                __vector_12
                0x00000068                __bad_interrupt
                0x00000068                __vector_6
                0x00000068                __vector_3
                0x00000068                __vector_11
                0x00000068                __vector_13
                0x00000068                __vector_17
                0x00000068                __vector_19
                0x00000068                __vector_7
                0x00000068                __vector_5
                0x00000068                __vector_4
                0x00000068                __vector_9
                0x00000068                __vector_2
                0x00000068                __vector_15
                0x00000068                __vector_8
                0x00000068                __vector_14
                0x00000068                __vector_10
                0x00000068                __vector_16
                0x00000068                __vector_18
                0x00000068                __vector_20
 .text          0x0000006c        0x0 ./BlinkingLed.o
 .text          0x0000006c        0x0 ./gpio.o
 .text          0x0000006c        0x0 ./led.o
 .text          0x0000006c        0x0 ./utilites.o
 .text          0x0000006c        0x0 e:/iti_embedded2021/imt_sdk_win_64/winavr/bin/../lib/gcc/avr/4.3.3/avr5\libgcc.a(_exit.o)
                0x0000006c                . = ALIGN (0x2)
 *(.text.*)
 .text.main     0x0000006c       0x2e ./BlinkingLed.o
                0x0000006c                main
 .text.GPIO_InitPort
                0x0000009a       0x2e ./gpio.o
                0x0000009a                GPIO_InitPort
 .text.GPIO_InitPin
                0x000000c8       0x36 ./gpio.o
                0x000000c8                GPIO_InitPin
 .text.GPIO_UpdatePort
                0x000000fe        0xe ./gpio.o
                0x000000fe                GPIO_UpdatePort
 .text.GPIO_UpdatePin
                0x0000010c        0xe ./gpio.o
                0x0000010c                GPIO_UpdatePin
 .text.GPIO_SetPortData
                0x0000011a       0x82 ./gpio.o
                0x0000011a                GPIO_SetPortData
 .text.GPIO_SetPortDirection
                0x0000019c       0x82 ./gpio.o
                0x0000019c                GPIO_SetPortDirection
 .text.GPIO_SetPinState
                0x0000021e      0x176 ./gpio.o
                0x0000021e                GPIO_SetPinState
 .text.GPIO_SetPinDirection
                0x00000394      0x176 ./gpio.o
                0x00000394                GPIO_SetPinDirection
 .text.GPIO_GetPortData
                0x0000050a       0x84 ./gpio.o
                0x0000050a                GPIO_GetPortData
 .text.GPIO_GetPortDirection
                0x0000058e       0x84 ./gpio.o
                0x0000058e                GPIO_GetPortDirection
 .text.GPIO_GetPinState
                0x00000612      0x158 ./gpio.o
                0x00000612                GPIO_GetPinState
 .text.GPIO_GetPinDirection
                0x0000076a      0x15a ./gpio.o
                0x0000076a                GPIO_GetPinDirection
 .text.LED_Init
                0x000008c4       0x26 ./led.o
                0x000008c4                LED_Init
 .text.LED_Update
                0x000008ea       0x2e ./led.o
                0x000008ea                LED_Update
 .text.LED_SetState
                0x00000918       0x8a ./led.o
                0x00000918                LED_SetState
 .text.LED_GetState
                0x000009a2       0x8c ./led.o
                0x000009a2                LED_GetState
 .text.LED_SetDirection
                0x00000a2e       0x86 ./led.o
 .text.LED_Toggle
                0x00000ab4       0x30 ./led.o
 .text.UTILITES_DelayMS
                0x00000ae4       0x5c ./utilites.o
                0x00000ae4                UTILITES_DelayMS
 .text.libgcc   0x00000b40        0x0 e:/iti_embedded2021/imt_sdk_win_64/winavr/bin/../lib/gcc/avr/4.3.3/avr5\libgcc.a(_exit.o)
                0x00000b40                . = ALIGN (0x2)
 *(.fini9)
 .fini9         0x00000b40        0x0 e:/iti_embedded2021/imt_sdk_win_64/winavr/bin/../lib/gcc/avr/4.3.3/avr5\libgcc.a(_exit.o)
                0x00000b40                exit
                0x00000b40                _exit
 *(.fini9)
 *(.fini8)
 *(.fini8)
 *(.fini7)
 *(.fini7)
 *(.fini6)
 *(.fini6)
 *(.fini5)
 *(.fini5)
 *(.fini4)
 *(.fini4)
 *(.fini3)
 *(.fini3)
 *(.fini2)
 *(.fini2)
 *(.fini1)
 *(.fini1)
 *(.fini0)
 .fini0         0x00000b40        0x4 e:/iti_embedded2021/imt_sdk_win_64/winavr/bin/../lib/gcc/avr/4.3.3/avr5\libgcc.a(_exit.o)
 *(.fini0)
                0x00000b44                _etext = .

.data           0x00800060        0x0 load address 0x00000b44
                0x00800060                PROVIDE (__data_start, .)
 *(.data)
 .data          0x00800060        0x0 e:/iti_embedded2021/imt_sdk_win_64/winavr/bin/../lib/gcc/avr/4.3.3/../../../../avr/lib/avr5/crtm32.o
 .data          0x00800060        0x0 ./BlinkingLed.o
 .data          0x00800060        0x0 ./gpio.o
 .data          0x00800060        0x0 ./led.o
 .data          0x00800060        0x0 ./utilites.o
 .data          0x00800060        0x0 e:/iti_embedded2021/imt_sdk_win_64/winavr/bin/../lib/gcc/avr/4.3.3/avr5\libgcc.a(_exit.o)
 *(.data*)
 *(.rodata)
 *(.rodata*)
 *(.gnu.linkonce.d*)
                0x00800060                . = ALIGN (0x2)
                0x00800060                _edata = .
                0x00800060                PROVIDE (__data_end, .)

.bss            0x00800060        0x0
                0x00800060                PROVIDE (__bss_start, .)
 *(.bss)
 .bss           0x00800060        0x0 e:/iti_embedded2021/imt_sdk_win_64/winavr/bin/../lib/gcc/avr/4.3.3/../../../../avr/lib/avr5/crtm32.o
 .bss           0x00800060        0x0 ./BlinkingLed.o
 .bss           0x00800060        0x0 ./gpio.o
 .bss           0x00800060        0x0 ./led.o
 .bss           0x00800060        0x0 ./utilites.o
 .bss           0x00800060        0x0 e:/iti_embedded2021/imt_sdk_win_64/winavr/bin/../lib/gcc/avr/4.3.3/avr5\libgcc.a(_exit.o)
 *(.bss*)
 *(COMMON)
                0x00800060                PROVIDE (__bss_end, .)
                0x00000b44                __data_load_start = LOADADDR (.data)
                0x00000b44                __data_load_end = (__data_load_start + SIZEOF (.data))

.noinit         0x00800060        0x0
                0x00800060                PROVIDE (__noinit_start, .)
 *(.noinit*)
                0x00800060                PROVIDE (__noinit_end, .)
                0x00800060                _end = .
                0x00800060                PROVIDE (__heap_start, .)

.eeprom         0x00810000        0x0
 *(.eeprom*)
                0x00810000                __eeprom_end = .

.fuse
 *(.fuse)
 *(.lfuse)
 *(.hfuse)
 *(.efuse)

.lock
 *(.lock*)

.signature
 *(.signature*)

.stab           0x00000000     0x1020
 *(.stab)
 .stab          0x00000000      0x384 ./BlinkingLed.o
 .stab          0x00000384      0x7a4 ./gpio.o
                                0x96c (size before relaxing)
 .stab          0x00000b28      0x390 ./led.o
                                0x480 (size before relaxing)
 .stab          0x00000eb8      0x168 ./utilites.o
                                0x198 (size before relaxing)

.stabstr        0x00000000      0xc14
 *(.stabstr)
 .stabstr       0x00000000      0xc14 ./BlinkingLed.o

.stab.excl
 *(.stab.excl)

.stab.exclstr
 *(.stab.exclstr)

.stab.index
 *(.stab.index)

.stab.indexstr
 *(.stab.indexstr)

.comment
 *(.comment)

.debug
 *(.debug)

.line
 *(.line)

.debug_srcinfo
 *(.debug_srcinfo)

.debug_sfnames
 *(.debug_sfnames)

.debug_aranges
 *(.debug_aranges)

.debug_pubnames
 *(.debug_pubnames)

.debug_info
 *(.debug_info)
 *(.gnu.linkonce.wi.*)

.debug_abbrev
 *(.debug_abbrev)

.debug_line
 *(.debug_line)

.debug_frame
 *(.debug_frame)

.debug_str
 *(.debug_str)

.debug_loc
 *(.debug_loc)

.debug_macinfo
 *(.debug_macinfo)
OUTPUT(BlinkingLed_Atmega32.elf elf32-avr)
LOAD linker stubs
